{
  "version": "1.5.0",
  "plugins_used": [
    {
      "name": "ArtifactoryDetector"
    },
    {
      "name": "AWSKeyDetector"
    },
    {
      "name": "AzureStorageKeyDetector"
    },
    {
      "name": "Base64HighEntropyString",
      "limit": 4.5
    },
    {
      "name": "BasicAuthDetector"
    },
    {
      "name": "CloudantDetector"
    },
    {
      "name": "DiscordBotTokenDetector"
    },
    {
      "name": "GitHubTokenDetector"
    },
    {
      "name": "GitLabTokenDetector"
    },
    {
      "name": "HexHighEntropyString",
      "limit": 3.0
    },
    {
      "name": "IbmCloudIamDetector"
    },
    {
      "name": "IbmCosHmacDetector"
    },
    {
      "name": "IPPublicDetector"
    },
    {
      "name": "JwtTokenDetector"
    },
    {
      "name": "KeywordDetector",
      "keyword_exclude": ""
    },
    {
      "name": "MailchimpDetector"
    },
    {
      "name": "NpmDetector"
    },
    {
      "name": "OpenAIDetector"
    },
    {
      "name": "PrivateKeyDetector"
    },
    {
      "name": "PypiTokenDetector"
    },
    {
      "name": "SendGridDetector"
    },
    {
      "name": "SlackDetector"
    },
    {
      "name": "SoftlayerDetector"
    },
    {
      "name": "SquareOAuthDetector"
    },
    {
      "name": "StripeDetector"
    },
    {
      "name": "TelegramBotTokenDetector"
    },
    {
      "name": "TwilioKeyDetector"
    }
  ],
  "filters_used": [
    {
      "path": "detect_secrets.filters.allowlist.is_line_allowlisted"
    },
    {
      "path": "detect_secrets.filters.common.is_ignored_due_to_verification_policies",
      "min_level": 2
    },
    {
      "path": "detect_secrets.filters.heuristic.is_indirect_reference"
    },
    {
      "path": "detect_secrets.filters.heuristic.is_likely_id_string"
    },
    {
      "path": "detect_secrets.filters.heuristic.is_lock_file"
    },
    {
      "path": "detect_secrets.filters.heuristic.is_not_alphanumeric_string"
    },
    {
      "path": "detect_secrets.filters.heuristic.is_potential_uuid"
    },
    {
      "path": "detect_secrets.filters.heuristic.is_prefixed_with_dollar_sign"
    },
    {
      "path": "detect_secrets.filters.heuristic.is_sequential_string"
    },
    {
      "path": "detect_secrets.filters.heuristic.is_swagger_file"
    },
    {
      "path": "detect_secrets.filters.heuristic.is_templated_secret"
    }
  ],
  "results": {
    ".github/workflows/gemini-dispatch.yml": [
      {
        "type": "Secret Keyword",
        "filename": ".github/workflows/gemini-dispatch.yml",
        "hashed_secret": "3e26d6750975d678acb8fa35a0f69237881576b0",
        "is_verified": false,
        "line_number": 138
      }
    ],
    "README_GEMINI_CLI_OFFICIAL.md": [
      {
        "type": "Secret Keyword",
        "filename": "README_GEMINI_CLI_OFFICIAL.md",
        "hashed_secret": "c458d16f35eed4a44c6feb41f1efb07e9830aa23",
        "is_verified": false,
        "line_number": 17
      }
    ],
    "config/gcp-config.yaml": [
      {
        "type": "Secret Keyword",
        "filename": "config/gcp-config.yaml",
        "hashed_secret": "70bef2a6958f992e6e32287da72ad01f064b766c",
        "is_verified": false,
        "line_number": 11
      }
    ],
    "config/gemini.env.template": [
      {
        "type": "Secret Keyword",
        "filename": "config/gemini.env.template",
        "hashed_secret": "f53a898f20e92b19f086f4d4053d81b145e754c2",
        "is_verified": false,
        "line_number": 6
      },
      {
        "type": "Secret Keyword",
        "filename": "config/gemini.env.template",
        "hashed_secret": "d82e4f2c41e676b1b941b0d00ced2f31a319e4c0",
        "is_verified": false,
        "line_number": 10
      }
    ],
    "scripts/setup_aws.sh": [
      {
        "type": "Secret Keyword",
        "filename": "scripts/setup_aws.sh",
        "hashed_secret": "89ed8e7d3096e163cc3e5c4f0f257b75fb8edb3e",
        "is_verified": false,
        "line_number": 206
      }
    ]
  },
  "generated_at": "2025-09-03T23:05:16Z"
}
